// Jest Snapshot v1, https://goo.gl/fbAQLP

exports[`Prubas en <TodoApp /> Debe de mostrar componente por defecto 1`] = `
<div>
  <h1>
    TodoApp (
    <small>
      0
    </small>
    )
  </h1>
  <hr />
  <div
    className="row"
  >
    <div
      className="col-7"
    >
      <TodoList
        handleDelete={[Function]}
        handleToggle={[Function]}
        todos={Array []}
      />
    </div>
    <div
      className="col-5"
    >
      <h4>
        Add TODO
      </h4>
      <hr />
      <TodoForm
        handleAddTodo={[Function]}
      />
    </div>
  </div>
</div>
`;
