// Jest Snapshot v1, https://goo.gl/fbAQLP

exports[`Pruebas en <MultipleCustomHooks /> Debe mostrar el coponente 1`] = `
<div>
  <h1>
    BreakingBad Quotes!
  </h1>
  <hr />
  <div
    className="alert alert-info text-center"
  >
    Loading...
  </div>
  <button
    className="btn btn-primary"
    onClick={[Function]}
  >
    Next quote
  </button>
</div>
`;
