// Jest Snapshot v1, https://goo.gl/fbAQLP

exports[`Probando <RealExampleRef /> Debe de mostrar el componente 1`] = `
<div>
  <h1>
    RealExampleRef
  </h1>
  <hr />
  <button
    className="btn btn-primary mt-3"
    onClick={[Function]}
  >
    Show/Hide
  </button>
</div>
`;
