// Jest Snapshot v1, https://goo.gl/fbAQLP

exports[`Prubas en <HomePage /> Debe de mostrar el componente <HomePage /> correctamente 1`] = `
<div>
  <h1>
    Home
  </h1>
  <hr />
  <pre>
    {
   "name": "Roger",
   "email": "Roger@mail.com"
}
  </pre>
</div>
`;
