// Jest Snapshot v1, https://goo.gl/fbAQLP

exports[`Probando <LoginPage /> Debe de mostrar el componente <LoginPage /> 1`] = `
<div>
  <h1>
    Login
  </h1>
  <hr />
  <button
    className="btn btn-primary"
    onClick={[Function]}
  >
    Login
  </button>
</div>
`;
